TAP version 13
# Subtest: DESK-A03/M14: missing, unselected, disabled and wrong-category selections have no fallback
ok 1 - DESK-A03/M14: missing, unselected, disabled and wrong-category selections have no fallback
  ---
  duration_ms: 1.127791
  type: 'test'
  ...
# Subtest: NET-01: authorization is checked after asynchronous key access, before every actual HTTP send
ok 2 - NET-01: authorization is checked after asynchronous key access, before every actual HTTP send
  ---
  duration_ms: 0.636917
  type: 'test'
  ...
# Subtest: DESK-M13: failed draft save does not replace committed authorization; committed revision revokes old lease
ok 3 - DESK-M13: failed draft save does not replace committed authorization; committed revision revokes old lease
  ---
  duration_ms: 14.997709
  type: 'test'
  ...
# Subtest: NET-01: queued retry, deleted model, cancelled draft and finished request cannot send
ok 4 - NET-01: queued retry, deleted model, cancelled draft and finished request cannot send
  ---
  duration_ms: 0.259292
  type: 'test'
  ...
# Subtest: NET-02: endpoint/path/redirect escape is rejected without sending a credential elsewhere
ok 5 - NET-02: endpoint/path/redirect escape is rejected without sending a credential elsewhere
  ---
  duration_ms: 1.055167
  type: 'test'
  ...
# Subtest: NET-01: a response or delayed stream chunk after revocation cannot be consumed
ok 6 - NET-01: a response or delayed stream chunk after revocation cannot be consumed
  ---
  duration_ms: 3.818292
  type: 'test'
  ...
1..6
# tests 6
# suites 0
# pass 6
# fail 0
# cancelled 0
# skipped 0
# todo 0
# duration_ms 187.662459
