TAP version 13
# Subtest: DESK-D04: trusted database scope never leaks to work outside a request
ok 1 - DESK-D04: trusted database scope never leaks to work outside a request
  ---
  duration_ms: 3372.025
  type: 'test'
  ...
# Subtest: DESK-D04: simultaneous work requests keep their own database after asynchronous suspension
ok 2 - DESK-D04: simultaneous work requests keep their own database after asynchronous suspension
  ---
  duration_ms: 101.981458
  type: 'test'
  ...
# Subtest: ADAPTER-06: using the default client inside an interactive tx is rejected instead of self-deadlocking
ok 3 - ADAPTER-06: using the default client inside an interactive tx is rejected instead of self-deadlocking
  ---
  duration_ms: 3.008208
  type: 'test'
  ...
# Subtest: ADAPTER-08: migration failure rolls back the whole pending batch and does not advance checksums
ok 4 - ADAPTER-08: migration failure rolls back the whole pending batch and does not advance checksums
  ---
  duration_ms: 15.660834
  type: 'test'
  ...
# Subtest: DESK-D04/ADAPTER-06: captured methods resolve the current scope and cannot bypass a transaction
ok 5 - DESK-D04/ADAPTER-06: captured methods resolve the current scope and cannot bypass a transaction
  ---
  duration_ms: 1.123083
  type: 'test'
  ...
# Subtest: DESK-D04/ADAPTER-06: captured model delegate and method are checked at invocation
ok 6 - DESK-D04/ADAPTER-06: captured model delegate and method are checked at invocation
  ---
  duration_ms: 15.239042
  type: 'test'
  ...
# Subtest: ADAPTER-04: original batch transactions retain atomic semantics and reject foreign database promises
ok 7 - ADAPTER-04: original batch transactions retain atomic semantics and reject foreign database promises
  ---
  duration_ms: 0.796666
  type: 'test'
  ...
# Subtest: ADAPTER-08: top-level transaction control is rejected before changing the database
ok 8 - ADAPTER-08: top-level transaction control is rejected before changing the database
  ---
  duration_ms: 3.587375
  type: 'test'
  ...
# Subtest: ADAPTER-08: changing parser mode through set_config cannot escape the migration transaction
ok 9 - ADAPTER-08: changing parser mode through set_config cannot escape the migration transaction
  ---
  duration_ms: 3.737541
  type: 'test'
  ...
# Subtest: ADAPTER-08: invalid statements without words still fail and roll back the entire migration
ok 10 - ADAPTER-08: invalid statements without words still fail and roll back the entire migration
  ---
  duration_ms: 10.005042
  type: 'test'
  ...
# Subtest: ADAPTER-08: caller mutation while waiting for the engine cannot change the verified migration
ok 11 - ADAPTER-08: caller mutation while waiting for the engine cannot change the verified migration
  ---
  duration_ms: 6.302584
  type: 'test'
  ...
# Subtest: SERVICE-content-commit: original CAS, idempotency and immutable snapshots execute on PGlite
ok 12 - SERVICE-content-commit: original CAS, idempotency and immutable snapshots execute on PGlite
  ---
  duration_ms: 2955.820958
  type: 'test'
  ...
# Subtest: SERVICE-content-commit: failure inside original effects rolls back content, version, snapshots and receipt
ok 13 - SERVICE-content-commit: failure inside original effects rolls back content, version, snapshots and receipt
  ---
  duration_ms: 10.388916
  type: 'test'
  ...
# Subtest: ADAPTER-07: usage records retain an immutable local model snapshot and uncallable reference
ok 14 - ADAPTER-07: usage records retain an immutable local model snapshot and uncallable reference
  ---
  duration_ms: 5.245834
  type: 'test'
  ...
# Subtest: ADAPTER-01: real Prisma values and hostile SQL parameters round trip without type loss
ok 15 - ADAPTER-01: real Prisma values and hostile SQL parameters round trip without type loss
  ---
  duration_ms: 2585.235375
  type: 'test'
  ...
# Subtest: ADAPTER-02: executeScript only acknowledges actual engine completion
ok 16 - ADAPTER-02: executeScript only acknowledges actual engine completion
  ---
  duration_ms: 24.527667
  type: 'test'
  ...
# Subtest: ADAPTER-03: commits, nested tx work, constraints, and rollback have real effects
ok 17 - ADAPTER-03: commits, nested tx work, constraints, and rollback have real effects
  ---
  duration_ms: 38.802875
  type: 'test'
  ...
# Subtest: ADAPTER-03: requested isolation is set inside the acquired transaction
ok 18 - ADAPTER-03: requested isolation is set inside the acquired transaction
  ---
  duration_ms: 3.690625
  type: 'test'
  ...
# Subtest: ADAPTER-03: deferred foreign key failure during COMMIT reaches caller and frees queue
ok 19 - ADAPTER-03: deferred foreign key failure during COMMIT reaches caller and frees queue
  ---
  duration_ms: 2.030084
  type: 'test'
  ...
# Subtest: ADAPTER-04: external read, write, and second client cannot enter an active transaction
ok 20 - ADAPTER-04: external read, write, and second client cannot enter an active transaction
  ---
  duration_ms: 45.969125
  type: 'test'
  ...
# Subtest: ADAPTER-05: Prisma timeout rolls back before the next transaction succeeds
ok 21 - ADAPTER-05: Prisma timeout rolls back before the next transaction succeeds
  ---
  duration_ms: 126.510541
  type: 'test'
  ...
# Subtest: ADAPTER-06: nested service writes use the supplied transaction and roll back together
ok 22 - ADAPTER-06: nested service writes use the supplied transaction and roll back together
  ---
  duration_ms: 3.948459
  type: 'test'
  ...
# Subtest: ADAPTER-02/03: invalid script and isolation fail without poisoning future work
ok 23 - ADAPTER-02/03: invalid script and isolation fail without poisoning future work
  ---
  duration_ms: 1.350834
  type: 'test'
  ...
# Subtest: ADAPTER-05: dispose rejects pending starters and releases their leases before resolving
ok 24 - ADAPTER-05: dispose rejects pending starters and releases their leases before resolving
  ---
  duration_ms: 2.039
  type: 'test'
  ...
# Subtest: ADAPTER-05: same ending is idempotent; opposite ending and writes after finishing reject
ok 25 - ADAPTER-05: same ending is idempotent; opposite ending and writes after finishing reject
  ---
  duration_ms: 1.262458
  type: 'test'
  ...
# Subtest: ADAPTER-05: rejected opposite ending cannot make dispose lose an in-flight COMMIT
ok 26 - ADAPTER-05: rejected opposite ending cannot make dispose lose an in-flight COMMIT
  ---
  duration_ms: 31.78525
  type: 'test'
  ...
# Subtest: ADAPTER-08: SQL transaction guard distinguishes top-level commands from comments and PL/pgSQL
ok 27 - ADAPTER-08: SQL transaction guard distinguishes top-level commands from comments and PL/pgSQL
  ---
  duration_ms: 1.474792
  type: 'test'
  ...
# Subtest: DESK-A03/M14: missing, unselected, disabled and wrong-category selections have no fallback
ok 28 - DESK-A03/M14: missing, unselected, disabled and wrong-category selections have no fallback
  ---
  duration_ms: 1.467458
  type: 'test'
  ...
# Subtest: NET-01: authorization is checked after asynchronous key access, before every actual HTTP send
ok 29 - NET-01: authorization is checked after asynchronous key access, before every actual HTTP send
  ---
  duration_ms: 5.623458
  type: 'test'
  ...
# Subtest: DESK-M13: failed draft save does not replace committed authorization; committed revision revokes old lease
ok 30 - DESK-M13: failed draft save does not replace committed authorization; committed revision revokes old lease
  ---
  duration_ms: 57.883458
  type: 'test'
  ...
# Subtest: NET-01: queued retry, deleted model, cancelled draft and finished request cannot send
ok 31 - NET-01: queued retry, deleted model, cancelled draft and finished request cannot send
  ---
  duration_ms: 0.95425
  type: 'test'
  ...
# Subtest: NET-02: endpoint/path/redirect escape is rejected without sending a credential elsewhere
ok 32 - NET-02: endpoint/path/redirect escape is rejected without sending a credential elsewhere
  ---
  duration_ms: 1.105167
  type: 'test'
  ...
# Subtest: NET-01: a response or delayed stream chunk after revocation cannot be consumed
ok 33 - NET-01: a response or delayed stream chunk after revocation cannot be consumed
  ---
  duration_ms: 10.21475
  type: 'test'
  ...
# Subtest: NET-01: revocation actively ends a stalled response reader without waiting for the server
ok 34 - NET-01: revocation actively ends a stalled response reader without waiting for the server
  ---
  duration_ms: 0.401792
  type: 'test'
  ...
# Subtest: NET-01: revocation discards a previously prefetched response chunk
ok 35 - NET-01: revocation discards a previously prefetched response chunk
  ---
  duration_ms: 0.630833
  type: 'test'
  ...
# Subtest: NET-01: abort, finish, error and consumer cancellation release the underlying stream lock
ok 36 - NET-01: abort, finish, error and consumer cancellation release the underlying stream lock
  ---
  duration_ms: 2.819541
  type: 'test'
  ...
# Subtest: DESK-M12: model keys require OS protection and public state never exposes secret fields
ok 37 - DESK-M12: model keys require OS protection and public state never exposes secret fields
  ---
  duration_ms: 26.502125
  type: 'test'
  ...
# Subtest: DESK-M13: persist before publishing authorization; rejected/failed drafts preserve existing credential and version
ok 38 - DESK-M13: persist before publishing authorization; rejected/failed drafts preserve existing credential and version
  ---
  duration_ms: 30.503166
  type: 'test'
  ...
# Subtest: DESK-M12: even short local endpoint keys never appear in a public mask
ok 39 - DESK-M12: even short local endpoint keys never appear in a public mask
  ---
  duration_ms: 35.707042
  type: 'test'
  ...
# Subtest: DESK-A02/A03: compatible thinking is retained; incompatible model changes store default and invalid explicit choices reject
ok 40 - DESK-A02/A03: compatible thinking is retained; incompatible model changes store default and invalid explicit choices reject
  ---
  duration_ms: 35.843166
  type: 'test'
  ...
# Subtest: DESK-M12: encryption/decryption errors are safe messages without the original secret or cause
ok 41 - DESK-M12: encryption/decryption errors are safe messages without the original secret or cause
  ---
  duration_ms: 12.4255
  type: 'test'
  ...
# Subtest: DESK-A02/M13: compatible model switches and empty-key edits preserve credentials across reopen
ok 42 - DESK-A02/M13: compatible model switches and empty-key edits preserve credentials across reopen
  ---
  duration_ms: 41.532208
  type: 'test'
  ...
# Subtest: DESK-M13: post-rename uncertainty reconciles authorization; failed removal preserves defaults and credential
ok 43 - DESK-M13: post-rename uncertainty reconciles authorization; failed removal preserves defaults and credential
  ---
  duration_ms: 38.358834
  type: 'test'
  ...
# Subtest: DESK-A03: disabling preserves default reference; deleting atomically clears all defaults without replacement
ok 44 - DESK-A03: disabling preserves default reference; deleting atomically clears all defaults without replacement
  ---
  duration_ms: 33.196084
  type: 'test'
  ...
# Subtest: DESK-S08: acknowledged settings survive a fresh repository and detached reads cannot mutate state
ok 45 - DESK-S08: acknowledged settings survive a fresh repository and detached reads cannot mutate state
  ---
  duration_ms: 19.691916
  type: 'test'
  ...
# Subtest: DESK-S08: two edits based on one revision cannot silently overwrite each other
ok 46 - DESK-S08: two edits based on one revision cannot silently overwrite each other
  ---
  duration_ms: 16.637791
  type: 'test'
  ...
# Subtest: DESK-S08: failed replacement leaves prior durable state and revision authoritative
ok 47 - DESK-S08: failed replacement leaves prior durable state and revision authoritative
  ---
  duration_ms: 26.823917
  type: 'test'
  ...
# Subtest: DESK-G03: corrupt/unknown schema data never silently becomes default settings
ok 48 - DESK-G03: corrupt/unknown schema data never silently becomes default settings
  ---
  duration_ms: 6.525375
  type: 'test'
  ...
# Subtest: DESK-S08: invalid draft is rejected without modifying stored values
ok 49 - DESK-S08: invalid draft is rejected without modifying stored values
  ---
  duration_ms: 1.124875
  type: 'test'
  ...
# Subtest: DESK-S08: failure after rename reports committed state; reread and retry use the new revision
ok 50 - DESK-S08: failure after rename reports committed state; reread and retry use the new revision
  ---
  duration_ms: 18.380375
  type: 'test'
  ...
# Subtest: DESK-S08: failure to exclusively create a temp file must not delete another file
ok 51 - DESK-S08: failure to exclusively create a temp file must not delete another file
  ---
  duration_ms: 21.524167
  type: 'test'
  ...
1..51
# tests 51
# suites 0
# pass 51
# fail 0
# cancelled 0
# skipped 0
# todo 0
# duration_ms 4013.59875
