TAP version 13
# Subtest: DESK-D04: trusted database scope never leaks to work outside a request
ok 1 - DESK-D04: trusted database scope never leaks to work outside a request
  ---
  duration_ms: 2786.644958
  type: 'test'
  ...
# Subtest: DESK-D04: simultaneous work requests keep their own database after asynchronous suspension
ok 2 - DESK-D04: simultaneous work requests keep their own database after asynchronous suspension
  ---
  duration_ms: 104.0975
  type: 'test'
  ...
# Subtest: ADAPTER-06: using the default client inside an interactive tx is rejected instead of self-deadlocking
ok 3 - ADAPTER-06: using the default client inside an interactive tx is rejected instead of self-deadlocking
  ---
  duration_ms: 3.445667
  type: 'test'
  ...
# Subtest: ADAPTER-08: migration failure rolls back the whole pending batch and does not advance checksums
ok 4 - ADAPTER-08: migration failure rolls back the whole pending batch and does not advance checksums
  ---
  duration_ms: 17.54725
  type: 'test'
  ...
# Subtest: DESK-D04/ADAPTER-06: captured methods resolve the current scope and cannot bypass a transaction
ok 5 - DESK-D04/ADAPTER-06: captured methods resolve the current scope and cannot bypass a transaction
  ---
  duration_ms: 1.10825
  type: 'test'
  ...
# Subtest: ADAPTER-08: top-level transaction control is rejected before changing the database
ok 6 - ADAPTER-08: top-level transaction control is rejected before changing the database
  ---
  duration_ms: 1.370792
  type: 'test'
  ...
# Subtest: ADAPTER-08: caller mutation while waiting for the engine cannot change the verified migration
ok 7 - ADAPTER-08: caller mutation while waiting for the engine cannot change the verified migration
  ---
  duration_ms: 7.361
  type: 'test'
  ...
# Subtest: SERVICE-content-commit: original CAS, idempotency and immutable snapshots execute on PGlite
ok 8 - SERVICE-content-commit: original CAS, idempotency and immutable snapshots execute on PGlite
  ---
  duration_ms: 2301.954958
  type: 'test'
  ...
# Subtest: SERVICE-content-commit: failure inside original effects rolls back content, version, snapshots and receipt
ok 9 - SERVICE-content-commit: failure inside original effects rolls back content, version, snapshots and receipt
  ---
  duration_ms: 17.161041
  type: 'test'
  ...
# Subtest: ADAPTER-07: usage records retain an immutable local model snapshot and uncallable reference
ok 10 - ADAPTER-07: usage records retain an immutable local model snapshot and uncallable reference
  ---
  duration_ms: 8.464042
  type: 'test'
  ...
# Subtest: ADAPTER-08: SQL transaction guard distinguishes top-level commands from comments and PL/pgSQL
ok 11 - ADAPTER-08: SQL transaction guard distinguishes top-level commands from comments and PL/pgSQL
  ---
  duration_ms: 1.376292
  type: 'test'
  ...
1..11
# tests 11
# suites 0
# pass 11
# fail 0
# cancelled 0
# skipped 0
# todo 0
# duration_ms 3358.475167
