TAP version 13
# Subtest: ADAPTER-01: real Prisma values and hostile SQL parameters round trip without type loss
ok 1 - ADAPTER-01: real Prisma values and hostile SQL parameters round trip without type loss
  ---
  duration_ms: 1794.114792
  type: 'test'
  ...
# Subtest: ADAPTER-02: executeScript only acknowledges actual engine completion
ok 2 - ADAPTER-02: executeScript only acknowledges actual engine completion
  ---
  duration_ms: 24.044625
  type: 'test'
  ...
# Subtest: ADAPTER-03: commits, nested tx work, constraints, and rollback have real effects
ok 3 - ADAPTER-03: commits, nested tx work, constraints, and rollback have real effects
  ---
  duration_ms: 41.049084
  type: 'test'
  ...
# Subtest: ADAPTER-03: requested isolation is set inside the acquired transaction
ok 4 - ADAPTER-03: requested isolation is set inside the acquired transaction
  ---
  duration_ms: 4.041791
  type: 'test'
  ...
# Subtest: ADAPTER-03: deferred foreign key failure during COMMIT reaches caller and frees queue
ok 5 - ADAPTER-03: deferred foreign key failure during COMMIT reaches caller and frees queue
  ---
  duration_ms: 2.789708
  type: 'test'
  ...
# Subtest: ADAPTER-04: external read, write, and second client cannot enter an active transaction
ok 6 - ADAPTER-04: external read, write, and second client cannot enter an active transaction
  ---
  duration_ms: 44.467666
  type: 'test'
  ...
# Subtest: ADAPTER-05: Prisma timeout rolls back before the next transaction succeeds
ok 7 - ADAPTER-05: Prisma timeout rolls back before the next transaction succeeds
  ---
  duration_ms: 123.972333
  type: 'test'
  ...
# Subtest: ADAPTER-06: nested service writes use the supplied transaction and roll back together
ok 8 - ADAPTER-06: nested service writes use the supplied transaction and roll back together
  ---
  duration_ms: 6.500541
  type: 'test'
  ...
# Subtest: ADAPTER-02/03: invalid script and isolation fail without poisoning future work
ok 9 - ADAPTER-02/03: invalid script and isolation fail without poisoning future work
  ---
  duration_ms: 1.56275
  type: 'test'
  ...
# Subtest: ADAPTER-05: dispose rejects pending starters and releases their leases before resolving
ok 10 - ADAPTER-05: dispose rejects pending starters and releases their leases before resolving
  ---
  duration_ms: 1.158417
  type: 'test'
  ...
# Subtest: ADAPTER-05: same ending is idempotent; opposite ending and writes after finishing reject
ok 11 - ADAPTER-05: same ending is idempotent; opposite ending and writes after finishing reject
  ---
  duration_ms: 1.028458
  type: 'test'
  ...
# Subtest: DESK-A03/M14: missing, unselected, disabled and wrong-category selections have no fallback
ok 12 - DESK-A03/M14: missing, unselected, disabled and wrong-category selections have no fallback
  ---
  duration_ms: 0.726667
  type: 'test'
  ...
# Subtest: NET-01: authorization is checked after asynchronous key access, before every actual HTTP send
ok 13 - NET-01: authorization is checked after asynchronous key access, before every actual HTTP send
  ---
  duration_ms: 0.574667
  type: 'test'
  ...
# Subtest: DESK-M13: failed draft save does not replace committed authorization; committed revision revokes old lease
ok 14 - DESK-M13: failed draft save does not replace committed authorization; committed revision revokes old lease
  ---
  duration_ms: 26.022916
  type: 'test'
  ...
# Subtest: NET-01: queued retry, deleted model, cancelled draft and finished request cannot send
ok 15 - NET-01: queued retry, deleted model, cancelled draft and finished request cannot send
  ---
  duration_ms: 0.3635
  type: 'test'
  ...
# Subtest: NET-02: endpoint/path/redirect escape is rejected without sending a credential elsewhere
ok 16 - NET-02: endpoint/path/redirect escape is rejected without sending a credential elsewhere
  ---
  duration_ms: 0.564792
  type: 'test'
  ...
# Subtest: NET-01: a response or delayed stream chunk after revocation cannot be consumed
ok 17 - NET-01: a response or delayed stream chunk after revocation cannot be consumed
  ---
  duration_ms: 4.674917
  type: 'test'
  ...
# Subtest: DESK-S08: acknowledged settings survive a fresh repository and detached reads cannot mutate state
ok 18 - DESK-S08: acknowledged settings survive a fresh repository and detached reads cannot mutate state
  ---
  duration_ms: 22.769708
  type: 'test'
  ...
# Subtest: DESK-S08: two edits based on one revision cannot silently overwrite each other
ok 19 - DESK-S08: two edits based on one revision cannot silently overwrite each other
  ---
  duration_ms: 8.15175
  type: 'test'
  ...
# Subtest: DESK-S08: failed replacement leaves prior durable state and revision authoritative
ok 20 - DESK-S08: failed replacement leaves prior durable state and revision authoritative
  ---
  duration_ms: 26.314125
  type: 'test'
  ...
# Subtest: DESK-G03: corrupt/unknown schema data never silently becomes default settings
ok 21 - DESK-G03: corrupt/unknown schema data never silently becomes default settings
  ---
  duration_ms: 2.537709
  type: 'test'
  ...
# Subtest: DESK-S08: invalid draft is rejected without modifying stored values
ok 22 - DESK-S08: invalid draft is rejected without modifying stored values
  ---
  duration_ms: 0.990625
  type: 'test'
  ...
1..22
# tests 22
# suites 0
# pass 22
# fail 0
# cancelled 0
# skipped 0
# todo 0
# duration_ms 2381.999209
