TAP version 13
# Subtest: ADAPTER-01: real Prisma values and hostile SQL parameters round trip without type loss
ok 1 - ADAPTER-01: real Prisma values and hostile SQL parameters round trip without type loss
  ---
  duration_ms: 1730.51875
  type: 'test'
  ...
# Subtest: ADAPTER-02: executeScript only acknowledges actual engine completion
ok 2 - ADAPTER-02: executeScript only acknowledges actual engine completion
  ---
  duration_ms: 24.331417
  type: 'test'
  ...
# Subtest: ADAPTER-03: commits, nested tx work, constraints, and rollback have real effects
ok 3 - ADAPTER-03: commits, nested tx work, constraints, and rollback have real effects
  ---
  duration_ms: 38.0265
  type: 'test'
  ...
# Subtest: ADAPTER-03: requested isolation is set inside the acquired transaction
ok 4 - ADAPTER-03: requested isolation is set inside the acquired transaction
  ---
  duration_ms: 2.631958
  type: 'test'
  ...
# Subtest: ADAPTER-03: deferred foreign key failure during COMMIT reaches caller and frees queue
ok 5 - ADAPTER-03: deferred foreign key failure during COMMIT reaches caller and frees queue
  ---
  duration_ms: 2.650917
  type: 'test'
  ...
# Subtest: ADAPTER-04: external read, write, and second client cannot enter an active transaction
ok 6 - ADAPTER-04: external read, write, and second client cannot enter an active transaction
  ---
  duration_ms: 44.920083
  type: 'test'
  ...
# Subtest: ADAPTER-05: Prisma timeout rolls back before the next transaction succeeds
ok 7 - ADAPTER-05: Prisma timeout rolls back before the next transaction succeeds
  ---
  duration_ms: 124.202125
  type: 'test'
  ...
# Subtest: ADAPTER-06: nested service writes use the supplied transaction and roll back together
ok 8 - ADAPTER-06: nested service writes use the supplied transaction and roll back together
  ---
  duration_ms: 5.400667
  type: 'test'
  ...
# Subtest: DESK-S05: acknowledged settings survive a fresh repository and detached reads cannot mutate state
ok 9 - DESK-S05: acknowledged settings survive a fresh repository and detached reads cannot mutate state
  ---
  duration_ms: 19.658084
  type: 'test'
  ...
# Subtest: DESK-S05: two edits based on one revision cannot silently overwrite each other
ok 10 - DESK-S05: two edits based on one revision cannot silently overwrite each other
  ---
  duration_ms: 8.148
  type: 'test'
  ...
# Subtest: DESK-S05: failed replacement leaves prior durable state and revision authoritative
ok 11 - DESK-S05: failed replacement leaves prior durable state and revision authoritative
  ---
  duration_ms: 16.120959
  type: 'test'
  ...
# Subtest: DESK-G03: corrupt/unknown schema data never silently becomes default settings
ok 12 - DESK-G03: corrupt/unknown schema data never silently becomes default settings
  ---
  duration_ms: 3.210834
  type: 'test'
  ...
# Subtest: DESK-S05: invalid draft is rejected without modifying stored values
ok 13 - DESK-S05: invalid draft is rejected without modifying stored values
  ---
  duration_ms: 0.895458
  type: 'test'
  ...
1..13
# tests 13
# suites 0
# pass 13
# fail 0
# cancelled 0
# skipped 0
# todo 0
# duration_ms 2335.918125
