TAP version 13
# Subtest: DESK-M12: model keys require OS protection and public state never exposes secret fields
ok 1 - DESK-M12: model keys require OS protection and public state never exposes secret fields
  ---
  duration_ms: 48.394833
  type: 'test'
  ...
# Subtest: DESK-M13: persist before publishing authorization; rejected/failed drafts preserve existing credential and version
ok 2 - DESK-M13: persist before publishing authorization; rejected/failed drafts preserve existing credential and version
  ---
  duration_ms: 33.0105
  type: 'test'
  ...
# Subtest: DESK-M12: even short local endpoint keys never appear in a public mask
not ok 3 - DESK-M12: even short local endpoint keys never appear in a public mask
  ---
  duration_ms: 9.174583
  type: 'test'
  location: '<repo>/tests/unit/model-repository.test.ts:2:4474'
  failureType: 'testCodeFailure'
  error: |-
    Expected values to be strictly equal:

    true !== false

  code: 'ERR_ASSERTION'
  name: 'AssertionError'
  expected: false
  actual: true
  operator: 'strictEqual'
  stack: |-
    <anonymous> (<repo>/tests/unit/model-repository.test.ts:49:12)
    async fixture (<repo>/tests/unit/model-repository.test.ts:11:73)
    async Test.run (node:internal/test_runner/test:1389:7)
    async Test.processPendingSubtests (node:internal/test_runner/test:960:7)
  ...
# Subtest: DESK-A02/A03: compatible thinking is retained; incompatible model changes store default and invalid explicit choices reject
not ok 4 - DESK-A02/A03: compatible thinking is retained; incompatible model changes store default and invalid explicit choices reject
  ---
  duration_ms: 25.58925
  type: 'test'
  location: '<repo>/tests/unit/model-repository.test.ts:2:4951'
  failureType: 'testCodeFailure'
  error: |-
    Expected values to be strictly equal:

    'high' !== 'default'

  code: 'ERR_ASSERTION'
  name: 'AssertionError'
  expected: 'default'
  actual: 'high'
  operator: 'strictEqual'
  stack: |-
    <anonymous> (<repo>/tests/unit/model-repository.test.ts:62:10)
    async fixture (<repo>/tests/unit/model-repository.test.ts:11:73)
    async Test.run (node:internal/test_runner/test:1389:7)
    async Test.processPendingSubtests (node:internal/test_runner/test:960:7)
  ...
# Subtest: DESK-M12: encryption/decryption errors are safe messages without the original secret or cause
not ok 5 - DESK-M12: encryption/decryption errors are safe messages without the original secret or cause
  ---
  duration_ms: 0.980292
  type: 'test'
  location: '<repo>/tests/unit/model-repository.test.ts:2:6251'
  failureType: 'testCodeFailure'
  error: |-
    The validation function is expected to return "true". Received false

    Caught error:

    Error: fixture error public-fixture-only-key
  code: 'ERR_ASSERTION'
  name: 'AssertionError'
  stack: |-
    async <anonymous> (<repo>/tests/unit/model-repository.test.ts:72:3)
    async fixture (<repo>/tests/unit/model-repository.test.ts:11:73)
    async Test.run (node:internal/test_runner/test:1389:7)
    async Test.processPendingSubtests (node:internal/test_runner/test:960:7)
  ...
# Subtest: DESK-M13: post-rename uncertainty reconciles authorization; failed removal preserves defaults and credential
ok 6 - DESK-M13: post-rename uncertainty reconciles authorization; failed removal preserves defaults and credential
  ---
  duration_ms: 24.45
  type: 'test'
  ...
# Subtest: DESK-A03: disabling preserves default reference; deleting atomically clears all defaults without replacement
ok 7 - DESK-A03: disabling preserves default reference; deleting atomically clears all defaults without replacement
  ---
  duration_ms: 57.577208
  type: 'test'
  ...
1..7
# tests 7
# suites 0
# pass 4
# fail 3
# cancelled 0
# skipped 0
# todo 0
# duration_ms 653.561292
