TAP version 13
# Subtest: ADAPTER-01: real Prisma values and hostile SQL parameters round trip without type loss
ok 1 - ADAPTER-01: real Prisma values and hostile SQL parameters round trip without type loss
  ---
  duration_ms: 1637.847709
  type: 'test'
  ...
# Subtest: ADAPTER-02: executeScript only acknowledges actual engine completion
ok 2 - ADAPTER-02: executeScript only acknowledges actual engine completion
  ---
  duration_ms: 23.395667
  type: 'test'
  ...
# Subtest: ADAPTER-03: commits, nested tx work, constraints, and rollback have real effects
ok 3 - ADAPTER-03: commits, nested tx work, constraints, and rollback have real effects
  ---
  duration_ms: 37.830208
  type: 'test'
  ...
# Subtest: ADAPTER-03: requested isolation is set inside the acquired transaction
ok 4 - ADAPTER-03: requested isolation is set inside the acquired transaction
  ---
  duration_ms: 2.662125
  type: 'test'
  ...
# Subtest: ADAPTER-03: deferred foreign key failure during COMMIT reaches caller and frees queue
ok 5 - ADAPTER-03: deferred foreign key failure during COMMIT reaches caller and frees queue
  ---
  duration_ms: 2.227375
  type: 'test'
  ...
# Subtest: ADAPTER-04: external read, write, and second client cannot enter an active transaction
ok 6 - ADAPTER-04: external read, write, and second client cannot enter an active transaction
  ---
  duration_ms: 45.042375
  type: 'test'
  ...
# Subtest: ADAPTER-05: Prisma timeout rolls back before the next transaction succeeds
ok 7 - ADAPTER-05: Prisma timeout rolls back before the next transaction succeeds
  ---
  duration_ms: 125.354542
  type: 'test'
  ...
# Subtest: ADAPTER-06: nested service writes use the supplied transaction and roll back together
ok 8 - ADAPTER-06: nested service writes use the supplied transaction and roll back together
  ---
  duration_ms: 4.032833
  type: 'test'
  ...
# Subtest: ADAPTER-02/03: invalid script and isolation fail without poisoning future work
ok 9 - ADAPTER-02/03: invalid script and isolation fail without poisoning future work
  ---
  duration_ms: 1.415583
  type: 'test'
  ...
# Subtest: ADAPTER-05: dispose rejects pending starters and releases their leases before resolving
ok 10 - ADAPTER-05: dispose rejects pending starters and releases their leases before resolving
  ---
  duration_ms: 1.718083
  type: 'test'
  ...
# Subtest: ADAPTER-05: same ending is idempotent; opposite ending and writes after finishing reject
ok 11 - ADAPTER-05: same ending is idempotent; opposite ending and writes after finishing reject
  ---
  duration_ms: 1.366542
  type: 'test'
  ...
# Subtest: ADAPTER-05: rejected opposite ending cannot make dispose lose an in-flight COMMIT
not ok 12 - ADAPTER-05: rejected opposite ending cannot make dispose lose an in-flight COMMIT
  ---
  duration_ms: 34.993417
  type: 'test'
  location: '<repo>/tests/integration/pglite-adapter.test.ts:10:9053'
  failureType: 'testCodeFailure'
  error: |-
    Expected values to be strictly equal:

    true !== false

  code: 'ERR_ASSERTION'
  name: 'AssertionError'
  expected: false
  actual: true
  operator: 'strictEqual'
  stack: |-
    TestContext.<anonymous> (<repo>/tests/integration/pglite-adapter.test.ts:202:10)
    async Test.run (node:internal/test_runner/test:1389:7)
    async Test.processPendingSubtests (node:internal/test_runner/test:960:7)
  ...
1..12
# tests 12
# suites 0
# pass 11
# fail 1
# cancelled 0
# skipped 0
# todo 0
# duration_ms 2324.052625
