TAP version 13
# Subtest: ADAPTER-01: real Prisma values and hostile SQL parameters round trip without type loss
ok 1 - ADAPTER-01: real Prisma values and hostile SQL parameters round trip without type loss
  ---
  duration_ms: 1613.639792
  type: 'test'
  ...
# Subtest: ADAPTER-02: executeScript only acknowledges actual engine completion
ok 2 - ADAPTER-02: executeScript only acknowledges actual engine completion
  ---
  duration_ms: 22.840916
  type: 'test'
  ...
# Subtest: ADAPTER-03: commits, nested tx work, constraints, and rollback have real effects
ok 3 - ADAPTER-03: commits, nested tx work, constraints, and rollback have real effects
  ---
  duration_ms: 49.696541
  type: 'test'
  ...
# Subtest: ADAPTER-03: requested isolation is set inside the acquired transaction
ok 4 - ADAPTER-03: requested isolation is set inside the acquired transaction
  ---
  duration_ms: 2.822084
  type: 'test'
  ...
# Subtest: ADAPTER-03: deferred foreign key failure during COMMIT reaches caller and frees queue
ok 5 - ADAPTER-03: deferred foreign key failure during COMMIT reaches caller and frees queue
  ---
  duration_ms: 2.344625
  type: 'test'
  ...
# Subtest: ADAPTER-04: external read, write, and second client cannot enter an active transaction
ok 6 - ADAPTER-04: external read, write, and second client cannot enter an active transaction
  ---
  duration_ms: 44.838333
  type: 'test'
  ...
# Subtest: ADAPTER-05: Prisma timeout rolls back before the next transaction succeeds
ok 7 - ADAPTER-05: Prisma timeout rolls back before the next transaction succeeds
  ---
  duration_ms: 124.266583
  type: 'test'
  ...
# Subtest: ADAPTER-06: nested service writes use the supplied transaction and roll back together
ok 8 - ADAPTER-06: nested service writes use the supplied transaction and roll back together
  ---
  duration_ms: 4.53425
  type: 'test'
  ...
# Subtest: ADAPTER-02/03: invalid script and isolation fail without poisoning future work
ok 9 - ADAPTER-02/03: invalid script and isolation fail without poisoning future work
  ---
  duration_ms: 1.504958
  type: 'test'
  ...
# Subtest: ADAPTER-05: dispose rejects pending starters and releases their leases before resolving
ok 10 - ADAPTER-05: dispose rejects pending starters and releases their leases before resolving
  ---
  duration_ms: 1.059167
  type: 'test'
  ...
# Subtest: ADAPTER-05: same ending is idempotent; opposite ending and writes after finishing reject
ok 11 - ADAPTER-05: same ending is idempotent; opposite ending and writes after finishing reject
  ---
  duration_ms: 0.902125
  type: 'test'
  ...
# Subtest: ADAPTER-05: rejected opposite ending cannot make dispose lose an in-flight COMMIT
ok 12 - ADAPTER-05: rejected opposite ending cannot make dispose lose an in-flight COMMIT
  ---
  duration_ms: 32.116333
  type: 'test'
  ...
# Subtest: DESK-A03/M14: missing, unselected, disabled and wrong-category selections have no fallback
ok 13 - DESK-A03/M14: missing, unselected, disabled and wrong-category selections have no fallback
  ---
  duration_ms: 1.10725
  type: 'test'
  ...
# Subtest: NET-01: authorization is checked after asynchronous key access, before every actual HTTP send
ok 14 - NET-01: authorization is checked after asynchronous key access, before every actual HTTP send
  ---
  duration_ms: 0.941625
  type: 'test'
  ...
# Subtest: DESK-M13: failed draft save does not replace committed authorization; committed revision revokes old lease
ok 15 - DESK-M13: failed draft save does not replace committed authorization; committed revision revokes old lease
  ---
  duration_ms: 52.753042
  type: 'test'
  ...
# Subtest: NET-01: queued retry, deleted model, cancelled draft and finished request cannot send
ok 16 - NET-01: queued retry, deleted model, cancelled draft and finished request cannot send
  ---
  duration_ms: 0.995042
  type: 'test'
  ...
# Subtest: NET-02: endpoint/path/redirect escape is rejected without sending a credential elsewhere
ok 17 - NET-02: endpoint/path/redirect escape is rejected without sending a credential elsewhere
  ---
  duration_ms: 1.245083
  type: 'test'
  ...
# Subtest: NET-01: a response or delayed stream chunk after revocation cannot be consumed
ok 18 - NET-01: a response or delayed stream chunk after revocation cannot be consumed
  ---
  duration_ms: 7.807833
  type: 'test'
  ...
# Subtest: NET-01: revocation actively ends a stalled response reader without waiting for the server
ok 19 - NET-01: revocation actively ends a stalled response reader without waiting for the server
  ---
  duration_ms: 0.495625
  type: 'test'
  ...
# Subtest: NET-01: revocation discards a previously prefetched response chunk
ok 20 - NET-01: revocation discards a previously prefetched response chunk
  ---
  duration_ms: 1.562042
  type: 'test'
  ...
# Subtest: DESK-S08: acknowledged settings survive a fresh repository and detached reads cannot mutate state
ok 21 - DESK-S08: acknowledged settings survive a fresh repository and detached reads cannot mutate state
  ---
  duration_ms: 27.434166
  type: 'test'
  ...
# Subtest: DESK-S08: two edits based on one revision cannot silently overwrite each other
ok 22 - DESK-S08: two edits based on one revision cannot silently overwrite each other
  ---
  duration_ms: 8.799542
  type: 'test'
  ...
# Subtest: DESK-S08: failed replacement leaves prior durable state and revision authoritative
ok 23 - DESK-S08: failed replacement leaves prior durable state and revision authoritative
  ---
  duration_ms: 17.6475
  type: 'test'
  ...
# Subtest: DESK-G03: corrupt/unknown schema data never silently becomes default settings
ok 24 - DESK-G03: corrupt/unknown schema data never silently becomes default settings
  ---
  duration_ms: 2.813792
  type: 'test'
  ...
# Subtest: DESK-S08: invalid draft is rejected without modifying stored values
ok 25 - DESK-S08: invalid draft is rejected without modifying stored values
  ---
  duration_ms: 1.137209
  type: 'test'
  ...
# Subtest: DESK-S08: failure after rename reports committed state; reread and retry use the new revision
ok 26 - DESK-S08: failure after rename reports committed state; reread and retry use the new revision
  ---
  duration_ms: 18.784625
  type: 'test'
  ...
1..26
# tests 26
# suites 0
# pass 26
# fail 0
# cancelled 0
# skipped 0
# todo 0
# duration_ms 2502.508166
