✖ DESK-S05: acknowledged settings survive a fresh repository and detached reads cannot mutate state (7.180042ms)
✖ DESK-S05: two edits based on one revision cannot silently overwrite each other (4.353708ms)
✖ DESK-S05: failed replacement leaves prior durable state and revision authoritative (1.19525ms)
✖ DESK-G03: corrupt/unknown schema data never silently becomes default settings (4.105292ms)
✔ DESK-S05: invalid draft is rejected without modifying stored values (1.354292ms)
ℹ tests 5
ℹ suites 0
ℹ pass 1
ℹ fail 4
ℹ cancelled 0
ℹ skipped 0
ℹ todo 0
ℹ duration_ms 254.133917

✖ failing tests:

test at tests/unit/versioned-store.test.ts:2:1691
✖ DESK-S05: acknowledged settings survive a fresh repository and detached reads cannot mutate state (7.180042ms)
  AssertionError [ERR_ASSERTION]: Expected values to be strictly deep-equal:
  + actual - expected

    {
  +   revision: 0,
  -   revision: 1,
      value: {
  +     penName: '作者',
  +     theme: 'paper'
  -     penName: '云客',
  -     theme: 'ink'
      }
    }

      at <anonymous> (<repo>/tests/unit/versioned-store.test.ts:23:10)
      at async fixture (<repo>/tests/unit/versioned-store.test.ts:13:9)
      at async Test.run (node:internal/test_runner/test:1389:7)
      at async startSubtestAfterBootstrap (node:internal/test_runner/harness:387:3) {
    generatedMessage: true,
    code: 'ERR_ASSERTION',
    actual: { revision: 0, value: { penName: '作者', theme: 'paper' } },
    expected: { revision: 1, value: { penName: '云客', theme: 'ink' } },
    operator: 'deepStrictEqual',
    diff: 'simple'
  }

test at tests/unit/versioned-store.test.ts:2:2447
✖ DESK-S05: two edits based on one revision cannot silently overwrite each other (4.353708ms)
  AssertionError [ERR_ASSERTION]: Expected values to be strictly equal:

  2 !== 1

      at <anonymous> (<repo>/tests/unit/versioned-store.test.ts:32:10)
      at async fixture (<repo>/tests/unit/versioned-store.test.ts:13:9)
      at async Test.run (node:internal/test_runner/test:1389:7)
      at async Test.processPendingSubtests (node:internal/test_runner/test:960:7) {
    generatedMessage: true,
    code: 'ERR_ASSERTION',
    actual: 2,
    expected: 1,
    operator: 'strictEqual',
    diff: 'simple'
  }

test at tests/unit/versioned-store.test.ts:2:3117
✖ DESK-S05: failed replacement leaves prior durable state and revision authoritative (1.19525ms)
  Error: ENOENT: no such file or directory, open '<isolated-temp>'
      at async open (node:internal/fs/promises:697:25)
      at async readFile (node:internal/fs/promises:1348:14)
      at async <anonymous> (<repo>/tests/unit/versioned-store.test.ts:42:18)
      at async fixture (<repo>/tests/unit/versioned-store.test.ts:13:9)
      at async Test.run (node:internal/test_runner/test:1389:7)
      at async Test.processPendingSubtests (node:internal/test_runner/test:960:7) {
    errno: -2,
    code: 'ENOENT',
    syscall: 'open',
    path: '<isolated-temp>'
  }

test at tests/unit/versioned-store.test.ts:2:4068
✖ DESK-G03: corrupt/unknown schema data never silently becomes default settings (4.105292ms)
  AssertionError [ERR_ASSERTION]: Missing expected rejection.
      at async <anonymous> (<repo>/tests/unit/versioned-store.test.ts:55:5)
      at async fixture (<repo>/tests/unit/versioned-store.test.ts:13:9)
      at async Test.run (node:internal/test_runner/test:1389:7)
      at async Test.processPendingSubtests (node:internal/test_runner/test:960:7) {
    generatedMessage: false,
    code: 'ERR_ASSERTION',
    actual: undefined,
    expected: undefined,
    operator: 'rejects',
    diff: 'simple'
  }
